{"type":"server-started","port":52011,"host":"127.0.0.1","url_host":"localhost","url":"http://localhost:52011/?key=d71fa2b66935acb18ce69e1e264d22c2bf4339647b6894a9765ccc0ff61ab933","screen_dir":"/Users/khanghnguyen/Downloads/Wishie/.superpowers/brainstorm/46390-1783567054/content","state_dir":"/Users/khanghnguyen/Downloads/Wishie/.superpowers/brainstorm/46390-1783567054/state","idle_timeout_ms":14400000}
{"type":"screen-added","file":"/Users/khanghnguyen/Downloads/Wishie/.superpowers/brainstorm/46390-1783567054/content/gap-comparison.html"}
{"source":"user-event","type":"click","text":"1\n      \n        Stat row: solid color cards vs. current translucent single card\n        Mockup shows two separate solid cards (teal \"Wishlists\", purple \"Next Event\"). Current is one translucent card with a divider.","choice":"stat-cards","id":null,"timestamp":1783567184452}
{"source":"user-event","type":"click","text":"1\n      \n        Stat row: solid color cards vs. current translucent single card\n        Mockup shows two separate solid cards (teal \"Wishlists\", purple \"Next Event\"). Current is one translucent card with a divider.","choice":"stat-cards","id":null,"timestamp":1783567186672}
{"source":"user-event","type":"click","text":"2\n      \n        Status badge pill (TODAY / OVERDUE / \"Xd left\") on each list card\n        Mockup has a floating pill in the top-right corner of each card. Current has no such badge at all.","choice":"badge","id":null,"timestamp":1783567192591}
{"source":"user-event","type":"click","text":"4\n      \n        Avatar floating over card edge vs. inline in header\n        Mockup floats the avatar circle overlapping the card's top edge (below the badge), no name label. Current places avatar+name inline in the header row.","choice":"avatar-position","id":null,"timestamp":1783567215099}
{"source":"user-event","type":"click","text":"6\n      \n        Tab selector: coral gradient vs. current gold gradient\n        Mockup's selected tab (\"My list\") is coral-to-red with white text. Current is gold with black text. Mockup also shows a small red notification dot at the pill's top-right corner.","choice":"tab-color","id":null,"timestamp":1783567238625}
{"source":"user-event","type":"click","text":"5\n      \n        \"+\" button: coral squircle vs. current gold circle\n        Mockup uses a coral/red rounded-square. Current uses a gold circular gradient button.","choice":"add-button","id":null,"timestamp":1783567239691}
{"source":"user-event","type":"click","text":"1\n      \n        Stat row: solid color cards vs. current translucent single card\n        Mockup shows two separate solid cards (teal \"Wishlists\", purple \"Next Event\"). Current is one translucent card with a divider.","choice":"stat-cards","id":null,"timestamp":1783567252516}
{"type":"screen-added","file":"/Users/khanghnguyen/Downloads/Wishie/.superpowers/brainstorm/46390-1783567054/content/proposed-design.html"}
{"source":"user-event","type":"click","text":"✓\n    Looks good, proceedApprove this visual treatment as-is","choice":"approve","id":null,"timestamp":1783567606718}
{"source":"user-event","type":"click","text":"✓\n    Looks good, proceedApprove this visual treatment as-is","choice":"approve","id":null,"timestamp":1783567608457}
{"source":"user-event","type":"click","text":"✎\n    I want changesI'll describe what to adjust in the terminal","choice":"changes","id":null,"timestamp":1783567609290}
{"source":"user-event","type":"click","text":"✓\n    Looks good, proceedApprove this visual treatment as-is","choice":"approve","id":null,"timestamp":1783567610048}
{"source":"user-event","type":"click","text":"✎\n    I want changesI'll describe what to adjust in the terminal","choice":"changes","id":null,"timestamp":1783567799807}
{"type":"screen-updated","file":"/Users/khanghnguyen/Downloads/Wishie/.superpowers/brainstorm/46390-1783567054/content/proposed-design.html"}
{"type":"screen-updated","file":"/Users/khanghnguyen/Downloads/Wishie/.superpowers/brainstorm/46390-1783567054/content/proposed-design.html"}
{"source":"user-event","type":"click","text":"✓\n    Looks good, proceedApprove this visual treatment as-is","choice":"approve","id":null,"timestamp":1783567991192}
{"type":"screen-added","file":"/Users/khanghnguyen/Downloads/Wishie/.superpowers/brainstorm/46390-1783567054/content/waiting-1.html"}
{"type":"screen-added","file":"/Users/khanghnguyen/Downloads/Wishie/.superpowers/brainstorm/46390-1783567054/content/tilt-options.html"}
{"source":"user-event","type":"click","text":"A\n    Subtle (±1.5°)Barely-there tilt, reads as almost-straight","choice":"subtle","id":null,"timestamp":1783570121039}
{"type":"server-stopped","reason":"owner process exited"}
